apiVersion: v1
entries:
  flink:
  - appVersion: 0.7.0
    description: fancy description is here
    digest: 0787a078e64c73064287751b833d63ca3d1d284b4f494ebf670443683d5b96dd
    maintainers:
    - email: <fabian@mesosphere.io>
      name: Fabian Baier
    - email: <runyontr@gmail.com>
      name: Tom Runyon
    - email: <kensipe@gmail.com>
      name: Ken Sipe
    name: flink
    operatorVersion: 0.3.0
    urls:
    - http://kudo.dev/flink
generated: "2019-08-09T15:04:00Z"
