[
  {
    "kind": "OperatorVersion",
    "apiVersion": "kudo.dev/v1beta1",
    "metadata": {
      "name": "some-operator-0.1.0",
      "namespace": "default",
      "creationTimestamp": null
    },
    "spec": {
      "operator": {
        "kind": "Operator",
        "name": "some-operator",
        "apiVersion": "kudo.dev/v1beta1"
      },
      "version": "0.1.0"
    },
    "status": {}
  }
]
