---
apiVersion: kudo.dev/v1beta1
kind: Operator
metadata:
  creationTimestamp: null
  name: some-operator
  namespace: default
spec:
  description: A fancy Operator
  kudoVersion: 0.16.0
status: {}

---
apiVersion: kudo.dev/v1beta1
kind: OperatorVersion
metadata:
  creationTimestamp: null
  name: some-operator-0.1.0
  namespace: default
spec:
  operator:
    apiVersion: kudo.dev/v1beta1
    kind: Operator
    name: some-operator
  version: 0.1.0
status: {}

---
apiVersion: kudo.dev/v1beta1
kind: Instance
metadata:
  creationTimestamp: null
  labels:
    operator: test
  name: test
  namespace: default
spec:
  operatorVersion:
    name: some-operator-0.1.0
  planExecution: {}
status: {}

...
