[
  {
    "kind": "Operator",
    "apiVersion": "kudo.dev/v1beta1",
    "metadata": {
      "name": "some-operator",
      "namespace": "default",
      "creationTimestamp": null
    },
    "spec": {
      "description": "A fancy Operator",
      "kudoVersion": "0.16.0"
    },
    "status": {}
  }
]
