apiVersion: v1
entries:
  zookeeper:
  - appVersion: 3.4.10
    digest: a4b2c3dabe585cfda2b763f5ff0e34a72fc6c203531e24549fbd192576aa213d
    maintainers:
    - email: avarkockova@mesosphere.com
      name: Alena Varkockova
    - email: runyontr@gmail.com
      name: Tom Runyon
    - email: kensipe@gmail.com
      name: Ken Sipe
    name: zookeeper
    urls:
    - http://localhost/zookeeper-0.1.0.tgz
    version: 0.1.0
generated: "2019-10-25T00:00:00Z"
