apiVersion: v1
entries:
  zookeeper:
  - appVersion: 3.4.10
    digest: cbacc2e23ef1accc9308acbeff92f1aa8d2ddf712c76f50c114e817fb1a2a166
    maintainers:
    - email: avarkockova@mesosphere.com
      name: Alena Varkockova
    - email: runyontr@gmail.com
      name: Tom Runyon
    - email: kensipe@gmail.com
      name: Ken Sipe
    name: zookeeper
    urls:
    - http://localhost/zookeeper-0.1.0.tgz
    version: 0.1.0
generated: "2019-10-25T00:00:00Z"
