apiVersion: v1
entries:
  zookeeper:
  - appVersion: 3.4.10
    digest: 556a8faa7241368daea77dbf2462092dfcd7f35a4e8dcb53a8e2baaec4c05b05
    maintainers:
    - email: avarkockova@mesosphere.com
      name: Alena Varkockova
    - email: runyontr@gmail.com
      name: Tom Runyon
    - email: kensipe@gmail.com
      name: Ken Sipe
    name: zookeeper
    urls:
    - http://localhost/zookeeper-0.1.0.tgz
    version: 0.1.0
generated: "2019-10-25T00:00:00Z"
