Name                    	Default                            	Required	Immutable
DOCKER_IMAGE            	k8s.gcr.io/kubernetes-zookeeper:...	true    	false    
DOCKER_IMAGE_PULL_POLICY	Always                             	true    	false    
NODE_COUNT              	3                                  	true    	false    
NODE_CPU_LIMIT_MC       	1000                               	true    	false    
NODE_CPU_MC             	1000                               	true    	false    
NODE_MEM_LIMIT_MIB      	4096                               	true    	false    
NODE_MEM_MIB            	4096                               	true    	false    
